Archive member included to satisfy reference by file (symbol)

c:/program files/microchip/xc8/v2.41/avr/bin/../lib/gcc/avr/5.4.0/avrxmega4/memx-const\libgcc.a(_copy_data.o)
                              build/default/production/mcc_generated_files/system/src/config_bits.o (__do_copy_data)
c:/program files/microchip/xc8/v2.41/avr/bin/../lib/gcc/avr/5.4.0/../../../../avr/lib/avrxmega4/memx-const\libc.a(exit.o)
                              C:/Program Files/Microchip/MPLABX/v6.10/packs/Microchip/AVR-Dx_DFP/2.3.272/xc8/avr/lib/avrxmega4/memx-const/crtavr128db48.o (exit)
c:/program files/microchip/xc8/v2.41/avr/bin/../lib/gcc/avr/5.4.0/../../../../avr/lib/avrxmega4/memx-const\libc.a(_Exit.o)
                              c:/program files/microchip/xc8/v2.41/avr/bin/../lib/gcc/avr/5.4.0/../../../../avr/lib/avrxmega4/memx-const\libc.a(exit.o) (_Exit)
c:/program files/microchip/xc8/v2.41/avr/bin/../lib/gcc/avr/5.4.0/avrxmega4/memx-const\libgcc.a(_exit.o)
                              c:/program files/microchip/xc8/v2.41/avr/bin/../lib/gcc/avr/5.4.0/../../../../avr/lib/avrxmega4/memx-const\libc.a(_Exit.o) (_exit)

Discarded input sections

 .data          0x0000000000000000        0x0 C:/Program Files/Microchip/MPLABX/v6.10/packs/Microchip/AVR-Dx_DFP/2.3.272/xc8/avr/lib/avrxmega4/memx-const/crtavr128db48.o
 .bss           0x0000000000000000        0x0 C:/Program Files/Microchip/MPLABX/v6.10/packs/Microchip/AVR-Dx_DFP/2.3.272/xc8/avr/lib/avrxmega4/memx-const/crtavr128db48.o
 .text          0x0000000000000000        0x0 build/default/production/mcc_generated_files/system/src/clock.o
 .data          0x0000000000000000        0x0 build/default/production/mcc_generated_files/system/src/clock.o
 .bss           0x0000000000000000        0x0 build/default/production/mcc_generated_files/system/src/clock.o
 .text.CFD_Enable
                0x0000000000000000       0x10 build/default/production/mcc_generated_files/system/src/clock.o
 .text.CFD_Disable
                0x0000000000000000       0x12 build/default/production/mcc_generated_files/system/src/clock.o
 .text          0x0000000000000000        0x0 build/default/production/mcc_generated_files/system/src/pins.o
 .data          0x0000000000000000        0x0 build/default/production/mcc_generated_files/system/src/pins.o
 .bss           0x0000000000000000        0x0 build/default/production/mcc_generated_files/system/src/pins.o
 .text.IO_PB1_SetInterruptHandler
                0x0000000000000000        0xa build/default/production/mcc_generated_files/system/src/pins.o
 .text.IO_PB0_SetInterruptHandler
                0x0000000000000000        0xa build/default/production/mcc_generated_files/system/src/pins.o
 .text.SW0_SetInterruptHandler
                0x0000000000000000        0xa build/default/production/mcc_generated_files/system/src/pins.o
 .text.LED_SetInterruptHandler
                0x0000000000000000        0xa build/default/production/mcc_generated_files/system/src/pins.o
 .text          0x0000000000000000        0x0 build/default/production/mcc_generated_files/system/src/config_bits.o
 .data          0x0000000000000000        0x0 build/default/production/mcc_generated_files/system/src/config_bits.o
 .bss           0x0000000000000000        0x0 build/default/production/mcc_generated_files/system/src/config_bits.o
 .text          0x0000000000000000        0x0 build/default/production/mcc_generated_files/system/src/system.o
 .data          0x0000000000000000        0x0 build/default/production/mcc_generated_files/system/src/system.o
 .bss           0x0000000000000000        0x0 build/default/production/mcc_generated_files/system/src/system.o
 .text          0x0000000000000000        0x0 build/default/production/mcc_generated_files/system/src/protected_io.o
 .data          0x0000000000000000        0x0 build/default/production/mcc_generated_files/system/src/protected_io.o
 .bss           0x0000000000000000        0x0 build/default/production/mcc_generated_files/system/src/protected_io.o
 .text          0x0000000000000000        0x0 build/default/production/mcc_generated_files/system/src/interrupt.o
 .data          0x0000000000000000        0x0 build/default/production/mcc_generated_files/system/src/interrupt.o
 .bss           0x0000000000000000        0x0 build/default/production/mcc_generated_files/system/src/interrupt.o
 .text          0x0000000000000000        0x0 build/default/production/mcc_generated_files/uart/src/usart3.o
 .data          0x0000000000000000        0x0 build/default/production/mcc_generated_files/uart/src/usart3.o
 .bss           0x0000000000000000        0x0 build/default/production/mcc_generated_files/uart/src/usart3.o
 .text.USART3_Deinitialize
                0x0000000000000000       0x1e build/default/production/mcc_generated_files/uart/src/usart3.o
 .text.USART3_TransmitEnable
                0x0000000000000000        0xc build/default/production/mcc_generated_files/uart/src/usart3.o
 .text.USART3_TransmitDisable
                0x0000000000000000        0xc build/default/production/mcc_generated_files/uart/src/usart3.o
 .text.USART3_AutoBaudSet
                0x0000000000000000       0x28 build/default/production/mcc_generated_files/uart/src/usart3.o
 .text.USART3_AutoBaudQuery
                0x0000000000000000        0xa build/default/production/mcc_generated_files/uart/src/usart3.o
 .text.USART3_IsRxReady
                0x0000000000000000        0xe build/default/production/mcc_generated_files/uart/src/usart3.o
 .text.USART3_IsTxReady
                0x0000000000000000        0xc build/default/production/mcc_generated_files/uart/src/usart3.o
 .text.USART3_IsTxDone
                0x0000000000000000        0xc build/default/production/mcc_generated_files/uart/src/usart3.o
 .text.USART3_ErrorGet
                0x0000000000000000       0x2a build/default/production/mcc_generated_files/uart/src/usart3.o
 .text.USART3_Read
                0x0000000000000000       0x40 build/default/production/mcc_generated_files/uart/src/usart3.o
 .text.USART3_FramingErrorCallbackRegister
                0x0000000000000000        0xe build/default/production/mcc_generated_files/uart/src/usart3.o
 .text.USART3_OverrunErrorCallbackRegister
                0x0000000000000000        0xe build/default/production/mcc_generated_files/uart/src/usart3.o
 .text.USART3_ParityErrorCallbackRegister
                0x0000000000000000        0xe build/default/production/mcc_generated_files/uart/src/usart3.o
 .text.USART3_RxCompleteCallbackRegister
                0x0000000000000000        0xe build/default/production/mcc_generated_files/uart/src/usart3.o
 .text.USART3_Enable
                0x0000000000000000        0xc build/default/production/mcc_generated_files/uart/src/usart3.o
 .text.USART3_Disable
                0x0000000000000000        0xc build/default/production/mcc_generated_files/uart/src/usart3.o
 .text.USART3_ReceiveEnable
                0x0000000000000000        0xc build/default/production/mcc_generated_files/uart/src/usart3.o
 .text.USART3_ReceiveDisable
                0x0000000000000000        0xc build/default/production/mcc_generated_files/uart/src/usart3.o
 .text.USART3_IsAutoBaudDetectError
                0x0000000000000000        0xc build/default/production/mcc_generated_files/uart/src/usart3.o
 .text.USART3_AutoBaudDetectErrorReset
                0x0000000000000000       0x28 build/default/production/mcc_generated_files/uart/src/usart3.o
 .text.USART3_ReceiveInterruptEnable
                0x0000000000000000        0xc build/default/production/mcc_generated_files/uart/src/usart3.o
 .text.USART3_ReceiveInterruptDisable
                0x0000000000000000        0xc build/default/production/mcc_generated_files/uart/src/usart3.o
 .progmemx.data.UART3
                0x0000000000000000       0x30 build/default/production/mcc_generated_files/uart/src/usart3.o
 .text          0x0000000000000000        0x0 build/default/production/main.o
 .data          0x0000000000000000        0x0 build/default/production/main.o
 .bss           0x0000000000000000        0x0 build/default/production/main.o
 .text          0x0000000000000000        0x0 c:/program files/microchip/xc8/v2.41/avr/bin/../lib/gcc/avr/5.4.0/avrxmega4/memx-const\libgcc.a(_copy_data.o)
 .data          0x0000000000000000        0x0 c:/program files/microchip/xc8/v2.41/avr/bin/../lib/gcc/avr/5.4.0/avrxmega4/memx-const\libgcc.a(_copy_data.o)
 .bss           0x0000000000000000        0x0 c:/program files/microchip/xc8/v2.41/avr/bin/../lib/gcc/avr/5.4.0/avrxmega4/memx-const\libgcc.a(_copy_data.o)
 .text.libgcc.mul
                0x0000000000000000        0x0 c:/program files/microchip/xc8/v2.41/avr/bin/../lib/gcc/avr/5.4.0/avrxmega4/memx-const\libgcc.a(_copy_data.o)
 .text.libgcc.div
                0x0000000000000000        0x0 c:/program files/microchip/xc8/v2.41/avr/bin/../lib/gcc/avr/5.4.0/avrxmega4/memx-const\libgcc.a(_copy_data.o)
 .text.libgcc   0x0000000000000000        0x0 c:/program files/microchip/xc8/v2.41/avr/bin/../lib/gcc/avr/5.4.0/avrxmega4/memx-const\libgcc.a(_copy_data.o)
 .text.libgcc.prologue
                0x0000000000000000        0x0 c:/program files/microchip/xc8/v2.41/avr/bin/../lib/gcc/avr/5.4.0/avrxmega4/memx-const\libgcc.a(_copy_data.o)
 .text.libgcc.builtins
                0x0000000000000000        0x0 c:/program files/microchip/xc8/v2.41/avr/bin/../lib/gcc/avr/5.4.0/avrxmega4/memx-const\libgcc.a(_copy_data.o)
 .text.libgcc.fmul
                0x0000000000000000        0x0 c:/program files/microchip/xc8/v2.41/avr/bin/../lib/gcc/avr/5.4.0/avrxmega4/memx-const\libgcc.a(_copy_data.o)
 .text.libgcc.fixed
                0x0000000000000000        0x0 c:/program files/microchip/xc8/v2.41/avr/bin/../lib/gcc/avr/5.4.0/avrxmega4/memx-const\libgcc.a(_copy_data.o)
 .text          0x0000000000000000        0x0 c:/program files/microchip/xc8/v2.41/avr/bin/../lib/gcc/avr/5.4.0/../../../../avr/lib/avrxmega4/memx-const\libc.a(exit.o)
 .data          0x0000000000000000        0x0 c:/program files/microchip/xc8/v2.41/avr/bin/../lib/gcc/avr/5.4.0/../../../../avr/lib/avrxmega4/memx-const\libc.a(exit.o)
 .bss           0x0000000000000000        0x0 c:/program files/microchip/xc8/v2.41/avr/bin/../lib/gcc/avr/5.4.0/../../../../avr/lib/avrxmega4/memx-const\libc.a(exit.o)
 .stack.descriptors
                0x0000000000000000       0x73 c:/program files/microchip/xc8/v2.41/avr/bin/../lib/gcc/avr/5.4.0/../../../../avr/lib/avrxmega4/memx-const\libc.a(exit.o)
 .text          0x0000000000000000        0x0 c:/program files/microchip/xc8/v2.41/avr/bin/../lib/gcc/avr/5.4.0/../../../../avr/lib/avrxmega4/memx-const\libc.a(_Exit.o)
 .data          0x0000000000000000        0x0 c:/program files/microchip/xc8/v2.41/avr/bin/../lib/gcc/avr/5.4.0/../../../../avr/lib/avrxmega4/memx-const\libc.a(_Exit.o)
 .bss           0x0000000000000000        0x0 c:/program files/microchip/xc8/v2.41/avr/bin/../lib/gcc/avr/5.4.0/../../../../avr/lib/avrxmega4/memx-const\libc.a(_Exit.o)
 .stack.descriptors
                0x0000000000000000       0x13 c:/program files/microchip/xc8/v2.41/avr/bin/../lib/gcc/avr/5.4.0/../../../../avr/lib/avrxmega4/memx-const\libc.a(_Exit.o)
 .text          0x0000000000000000        0x0 c:/program files/microchip/xc8/v2.41/avr/bin/../lib/gcc/avr/5.4.0/avrxmega4/memx-const\libgcc.a(_exit.o)
 .data          0x0000000000000000        0x0 c:/program files/microchip/xc8/v2.41/avr/bin/../lib/gcc/avr/5.4.0/avrxmega4/memx-const\libgcc.a(_exit.o)
 .bss           0x0000000000000000        0x0 c:/program files/microchip/xc8/v2.41/avr/bin/../lib/gcc/avr/5.4.0/avrxmega4/memx-const\libgcc.a(_exit.o)
 .text.libgcc.mul
                0x0000000000000000        0x0 c:/program files/microchip/xc8/v2.41/avr/bin/../lib/gcc/avr/5.4.0/avrxmega4/memx-const\libgcc.a(_exit.o)
 .text.libgcc.div
                0x0000000000000000        0x0 c:/program files/microchip/xc8/v2.41/avr/bin/../lib/gcc/avr/5.4.0/avrxmega4/memx-const\libgcc.a(_exit.o)
 .text.libgcc   0x0000000000000000        0x0 c:/program files/microchip/xc8/v2.41/avr/bin/../lib/gcc/avr/5.4.0/avrxmega4/memx-const\libgcc.a(_exit.o)
 .text.libgcc.prologue
                0x0000000000000000        0x0 c:/program files/microchip/xc8/v2.41/avr/bin/../lib/gcc/avr/5.4.0/avrxmega4/memx-const\libgcc.a(_exit.o)
 .stack.descriptors
                0x0000000000000000       0x13 c:/program files/microchip/xc8/v2.41/avr/bin/../lib/gcc/avr/5.4.0/avrxmega4/memx-const\libgcc.a(_exit.o)
 .text.libgcc.builtins
                0x0000000000000000        0x0 c:/program files/microchip/xc8/v2.41/avr/bin/../lib/gcc/avr/5.4.0/avrxmega4/memx-const\libgcc.a(_exit.o)
 .text.libgcc.fmul
                0x0000000000000000        0x0 c:/program files/microchip/xc8/v2.41/avr/bin/../lib/gcc/avr/5.4.0/avrxmega4/memx-const\libgcc.a(_exit.o)
 .text.libgcc.fixed
                0x0000000000000000        0x0 c:/program files/microchip/xc8/v2.41/avr/bin/../lib/gcc/avr/5.4.0/avrxmega4/memx-const\libgcc.a(_exit.o)

Memory Configuration

Name             Origin             Length             Attributes
text             0x0000000000000000 0x0000000000020000 xr
data             0x0000000000804000 0x0000000000004000 rw !x
eeprom           0x0000000000810000 0x0000000000000200 rw !x
fuse             0x0000000000820000 0x0000000000000010 rw !x
lock             0x0000000000830000 0x0000000000000400 rw !x
signature        0x0000000000840000 0x0000000000000400 rw !x
user_signatures  0x0000000000850000 0x0000000000000400 rw !x
bootrow          0x0000000000860000 0x0000000000000400 rw !x
*default*        0x0000000000000000 0xffffffffffffffff

Linker script and memory map

Address of section .data set to 0x804000
                0x0000000000008000                __RODATA_PM_OFFSET__ = 0x8000
LOAD C:/Program Files/Microchip/MPLABX/v6.10/packs/Microchip/AVR-Dx_DFP/2.3.272/xc8/avr/lib/avrxmega4/memx-const/crtavr128db48.o
                0x0000000000000001                __MPLAB_BUILD = 0x1
LOAD build/default/production/mcc_generated_files/system/src/clock.o
LOAD build/default/production/mcc_generated_files/system/src/pins.o
LOAD build/default/production/mcc_generated_files/system/src/config_bits.o
LOAD build/default/production/mcc_generated_files/system/src/system.o
LOAD build/default/production/mcc_generated_files/system/src/protected_io.o
LOAD build/default/production/mcc_generated_files/system/src/interrupt.o
LOAD build/default/production/mcc_generated_files/uart/src/usart3.o
LOAD build/default/production/main.o
START GROUP
LOAD c:/program files/microchip/xc8/v2.41/avr/bin/../lib/gcc/avr/5.4.0/../../../../avr/lib/avrxmega4/memx-const\libm.a
END GROUP
START GROUP
LOAD c:/program files/microchip/xc8/v2.41/avr/bin/../lib/gcc/avr/5.4.0/avrxmega4/memx-const\libgcc.a
LOAD c:/program files/microchip/xc8/v2.41/avr/bin/../lib/gcc/avr/5.4.0/../../../../avr/lib/avrxmega4/memx-const\libm.a
LOAD c:/program files/microchip/xc8/v2.41/avr/bin/../lib/gcc/avr/5.4.0/../../../../avr/lib/avrxmega4/memx-const\libc.a
LOAD C:/Program Files/Microchip/MPLABX/v6.10/packs/Microchip/AVR-Dx_DFP/2.3.272/xc8/avr/lib/avrxmega4/memx-const\libavr128db48.a
END GROUP
                [0x0000000000000000]                __TEXT_REGION_ORIGIN__ = DEFINED (__TEXT_REGION_ORIGIN__)?__TEXT_REGION_ORIGIN__:0x0
                [0x0000000000804000]                __DATA_REGION_ORIGIN__ = DEFINED (__DATA_REGION_ORIGIN__)?__DATA_REGION_ORIGIN__:0x802000
                [0x0000000000020000]                __TEXT_REGION_LENGTH__ = DEFINED (__TEXT_REGION_LENGTH__)?__TEXT_REGION_LENGTH__:0x100000
                [0x0000000000004000]                __DATA_REGION_LENGTH__ = DEFINED (__DATA_REGION_LENGTH__)?__DATA_REGION_LENGTH__:0xffa0
                [0x0000000000000200]                __EEPROM_REGION_LENGTH__ = DEFINED (__EEPROM_REGION_LENGTH__)?__EEPROM_REGION_LENGTH__:0x10000
                [0x0000000000000010]                __FUSE_REGION_LENGTH__ = DEFINED (__FUSE_REGION_LENGTH__)?__FUSE_REGION_LENGTH__:0x400
                0x0000000000000400                __LOCK_REGION_LENGTH__ = DEFINED (__LOCK_REGION_LENGTH__)?__LOCK_REGION_LENGTH__:0x400
                0x0000000000000400                __SIGNATURE_REGION_LENGTH__ = DEFINED (__SIGNATURE_REGION_LENGTH__)?__SIGNATURE_REGION_LENGTH__:0x400
                0x0000000000000400                __USER_SIGNATURE_REGION_LENGTH__ = DEFINED (__USER_SIGNATURE_REGION_LENGTH__)?__USER_SIGNATURE_REGION_LENGTH__:0x400
                0x0000000000000400                __BOOTROW_REGION_LENGTH__ = DEFINED (__BOOTROW_REGION_LENGTH__)?__BOOTROW_REGION_LENGTH__:0x400

.hash
 *(.hash)

.dynsym
 *(.dynsym)

.dynstr
 *(.dynstr)

.gnu.version
 *(.gnu.version)

.gnu.version_d
 *(.gnu.version_d)

.gnu.version_r
 *(.gnu.version_r)

.rel.init
 *(.rel.init)

.rela.init
 *(.rela.init)

.rel.text
 *(.rel.text)
 *(.rel.text.*)
 *(.rel.gnu.linkonce.t*)

.rela.text
 *(.rela.text)
 *(.rela.text.*)
 *(.rela.gnu.linkonce.t*)

.rel.fini
 *(.rel.fini)

.rela.fini
 *(.rela.fini)

.rel.rodata
 *(.rel.rodata)
 *(.rel.rodata.*)
 *(.rel.gnu.linkonce.r*)

.rela.rodata
 *(.rela.rodata)
 *(.rela.rodata.*)
 *(.rela.gnu.linkonce.r*)

.rel.data
 *(.rel.data)
 *(.rel.data.*)
 *(.rel.gnu.linkonce.d*)

.rela.data
 *(.rela.data)
 *(.rela.data.*)
 *(.rela.gnu.linkonce.d*)

.rel.ctors
 *(.rel.ctors)

.rela.ctors
 *(.rela.ctors)

.rel.dtors
 *(.rel.dtors)

.rela.dtors
 *(.rela.dtors)

.rel.got
 *(.rel.got)

.rela.got
 *(.rela.got)

.rel.bss
 *(.rel.bss)

.rela.bss
 *(.rela.bss)

.rel.plt
 *(.rel.plt)

.rela.plt
 *(.rela.plt)

.text           0x0000000000000000      0x152
 *(.vectors)
 .vectors       0x0000000000000000       0xf4 C:/Program Files/Microchip/MPLABX/v6.10/packs/Microchip/AVR-Dx_DFP/2.3.272/xc8/avr/lib/avrxmega4/memx-const/crtavr128db48.o
                0x0000000000000000                __vector_default
                0x0000000000000000                __vectors
 *(.vectors)
 *(.progmem.gcc*)
 *(.dinit)
 .dinit         0x00000000000000f4        0x5 data_init
                0x00000000000000fa                . = ALIGN (0x2)
 *fill*         0x00000000000000f9        0x1 
                0x00000000000000fa                __trampolines_start = .
 *(.trampolines)
 .trampolines   0x00000000000000fa        0x0 linker stubs
 *(.trampolines*)
                0x00000000000000fa                __trampolines_end = .
 *libprintf_flt.a:*(.progmem.data)
 *libc.a:*(.progmem.data)
                0x00000000000000fa                . = ALIGN (0x2)
 *(.jumptables)
 *(.jumptables*)
 *(.lowtext)
 *(.lowtext*)
                0x00000000000000fa                __ctors_start = .
 *(.ctors)
                0x00000000000000fa                __ctors_end = .
                0x00000000000000fa                __dtors_start = .
 *(.dtors)
                0x00000000000000fa                __dtors_end = .
 SORT(*)(.ctors)
 SORT(*)(.dtors)
 *(.init0)
 .init0         0x00000000000000fa        0x0 C:/Program Files/Microchip/MPLABX/v6.10/packs/Microchip/AVR-Dx_DFP/2.3.272/xc8/avr/lib/avrxmega4/memx-const/crtavr128db48.o
                0x00000000000000fa                __init
 *(.init0)
 *(.init1)
 *(.init1)
 *(.init2)
 .init2         0x00000000000000fa        0xc C:/Program Files/Microchip/MPLABX/v6.10/packs/Microchip/AVR-Dx_DFP/2.3.272/xc8/avr/lib/avrxmega4/memx-const/crtavr128db48.o
 *(.init2)
 *(.init3)
 *(.init3)
 *(.init4)
 .init4         0x0000000000000106       0x40 c:/program files/microchip/xc8/v2.41/avr/bin/../lib/gcc/avr/5.4.0/avrxmega4/memx-const\libgcc.a(_copy_data.o)
                0x0000000000000106                __do_copy_data
                0x0000000000000138                __do_clear_bss
 *(.init4)
 *(.init5)
 *(.init5)
 *(.init6)
 *(.init6)
 *(.init7)
 *(.init7)
 *(.init8)
 *(.init8)
 *(.init9)
 .init9         0x0000000000000146        0x8 C:/Program Files/Microchip/MPLABX/v6.10/packs/Microchip/AVR-Dx_DFP/2.3.272/xc8/avr/lib/avrxmega4/memx-const/crtavr128db48.o
 *(.init9)
                0x000000000000014e                . = ALIGN (0x2)
 *(.fini9)
 .fini9         0x000000000000014e        0x0 c:/program files/microchip/xc8/v2.41/avr/bin/../lib/gcc/avr/5.4.0/avrxmega4/memx-const\libgcc.a(_exit.o)
                0x000000000000014e                _exit
 *(.fini9)
 *(.fini8)
 *(.fini8)
 *(.fini7)
 *(.fini7)
 *(.fini6)
 *(.fini6)
 *(.fini5)
 *(.fini5)
 *(.fini4)
 *(.fini4)
 *(.fini3)
 *(.fini3)
 *(.fini2)
 *(.fini2)
 *(.fini1)
 *(.fini1)
 *(.fini0)
 .fini0         0x000000000000014e        0x4 c:/program files/microchip/xc8/v2.41/avr/bin/../lib/gcc/avr/5.4.0/avrxmega4/memx-const\libgcc.a(_exit.o)
 *(.fini0)
                0x0000000000000152                _etext = .

.data           0x0000000000804000        0x0 load address 0x0000000000000152
                [!provide]                        PROVIDE (__data_start, .)
 *(.gnu.linkonce.d*)
 *(.gnu.linkonce.r*)
                0x0000000000804000                . = ALIGN (0x2)
                0x0000000000804000                _edata = .
                [!provide]                        PROVIDE (__data_end, .)

.bss            0x0000000000804000        0x0
                [!provide]                        PROVIDE (__bss_start, .)
 *(COMMON)
                [!provide]                        PROVIDE (__bss_end, .)
                0x0000000000000152                __data_load_start = LOADADDR (.data)
                0x0000000000000152                __data_load_end = (__data_load_start + SIZEOF (.data))

.noinit         0x0000000000804000        0x0
                [!provide]                        PROVIDE (__noinit_start, .)
 *(.noinit*)
                [!provide]                        PROVIDE (__noinit_end, .)
                0x0000000000804000                _end = .

.eeprom         0x0000000000810000        0x0
 *(.eeprom*)
                0x0000000000810000                __eeprom_end = .

.fuse           0x0000000000820000        0x9
 *(.fuse)
 .fuse          0x0000000000820000        0x9 build/default/production/mcc_generated_files/system/src/config_bits.o
                0x0000000000820000                __fuse
 *(.lfuse)
 *(.hfuse)
 *(.efuse)

.lock
 *(.lock*)

.signature
 *(.signature*)

.user_signatures
 *(.user_signatures*)

.bootrow
 *(.bootrow*)

.stab
 *(.stab)

.stabstr
 *(.stabstr)

.stab.excl
 *(.stab.excl)

.stab.exclstr
 *(.stab.exclstr)

.stab.index
 *(.stab.index)

.stab.indexstr
 *(.stab.indexstr)

.comment        0x0000000000000000       0x5b
 *(.comment)
 .comment       0x0000000000000000       0x2f build/default/production/mcc_generated_files/system/src/clock.o
                                         0x30 (size before relaxing)
 .comment       0x000000000000002f       0x30 build/default/production/mcc_generated_files/system/src/pins.o
 .comment       0x000000000000002f       0x30 build/default/production/mcc_generated_files/system/src/config_bits.o
 .comment       0x000000000000002f       0x30 build/default/production/mcc_generated_files/system/src/system.o
 .comment       0x000000000000002f       0x30 build/default/production/mcc_generated_files/system/src/interrupt.o
 .comment       0x000000000000002f       0x30 build/default/production/mcc_generated_files/uart/src/usart3.o
 .comment       0x000000000000002f       0x30 build/default/production/main.o
 .comment       0x000000000000002f       0x2c c:/program files/microchip/xc8/v2.41/avr/bin/../lib/gcc/avr/5.4.0/../../../../avr/lib/avrxmega4/memx-const\libc.a(exit.o)
                                         0x2d (size before relaxing)
 .comment       0x000000000000005b       0x2d c:/program files/microchip/xc8/v2.41/avr/bin/../lib/gcc/avr/5.4.0/../../../../avr/lib/avrxmega4/memx-const\libc.a(_Exit.o)

.stack.descriptors.hdr
                0x0000000000000000       0x2a
 .stack.descriptors.hdr
                0x0000000000000000        0xe c:/program files/microchip/xc8/v2.41/avr/bin/../lib/gcc/avr/5.4.0/../../../../avr/lib/avrxmega4/memx-const\libc.a(exit.o)
 .stack.descriptors.hdr
                0x000000000000000e        0xe c:/program files/microchip/xc8/v2.41/avr/bin/../lib/gcc/avr/5.4.0/../../../../avr/lib/avrxmega4/memx-const\libc.a(_Exit.o)
 .stack.descriptors.hdr
                0x000000000000001c        0xe c:/program files/microchip/xc8/v2.41/avr/bin/../lib/gcc/avr/5.4.0/avrxmega4/memx-const\libgcc.a(_exit.o)

.note.GNU-stack
                0x0000000000000000        0x0
 .note.GNU-stack
                0x0000000000000000        0x0 c:/program files/microchip/xc8/v2.41/avr/bin/../lib/gcc/avr/5.4.0/../../../../avr/lib/avrxmega4/memx-const\libc.a(exit.o)
 .note.GNU-stack
                0x0000000000000000        0x0 c:/program files/microchip/xc8/v2.41/avr/bin/../lib/gcc/avr/5.4.0/../../../../avr/lib/avrxmega4/memx-const\libc.a(_Exit.o)

.note.gnu.build-id
 *(.note.gnu.build-id)

.debug
 *(.debug)

.line
 *(.line)

.debug_srcinfo
 *(.debug_srcinfo)

.debug_sfnames
 *(.debug_sfnames)

.debug_aranges  0x0000000000000000      0x258
 *(.debug_aranges)
 .debug_aranges
                0x0000000000000000       0x30 build/default/production/mcc_generated_files/system/src/clock.o
 .debug_aranges
                0x0000000000000030       0x90 build/default/production/mcc_generated_files/system/src/pins.o
 .debug_aranges
                0x00000000000000c0       0x18 build/default/production/mcc_generated_files/system/src/config_bits.o
 .debug_aranges
                0x00000000000000d8       0x20 build/default/production/mcc_generated_files/system/src/system.o
 .debug_aranges
                0x00000000000000f8       0x20 build/default/production/mcc_generated_files/system/src/protected_io.o
 .debug_aranges
                0x0000000000000118       0x20 build/default/production/mcc_generated_files/system/src/interrupt.o
 .debug_aranges
                0x0000000000000138      0x100 build/default/production/mcc_generated_files/uart/src/usart3.o
 .debug_aranges
                0x0000000000000238       0x20 build/default/production/main.o

.debug_pubnames
 *(.debug_pubnames)

.debug_info     0x0000000000000000     0x6d44
 *(.debug_info .gnu.linkonce.wi.*)
 .debug_info    0x0000000000000000     0x3545 C:/Program Files/Microchip/MPLABX/v6.10/packs/Microchip/AVR-Dx_DFP/2.3.272/xc8/avr/lib/avrxmega4/memx-const/crtavr128db48.o
 .debug_info    0x0000000000003545      0xa07 build/default/production/mcc_generated_files/system/src/clock.o
 .debug_info    0x0000000000003f4c      0xa36 build/default/production/mcc_generated_files/system/src/pins.o
 .debug_info    0x0000000000004982      0x8cf build/default/production/mcc_generated_files/system/src/config_bits.o
 .debug_info    0x0000000000005251      0x33c build/default/production/mcc_generated_files/system/src/system.o
 .debug_info    0x000000000000558d       0xa6 build/default/production/mcc_generated_files/system/src/protected_io.o
 .debug_info    0x0000000000005633      0x423 build/default/production/mcc_generated_files/system/src/interrupt.o
 .debug_info    0x0000000000005a56     0x101d build/default/production/mcc_generated_files/uart/src/usart3.o
 .debug_info    0x0000000000006a73      0x2d1 build/default/production/main.o

.debug_abbrev   0x0000000000000000     0x3a6b
 *(.debug_abbrev)
 .debug_abbrev  0x0000000000000000     0x3274 C:/Program Files/Microchip/MPLABX/v6.10/packs/Microchip/AVR-Dx_DFP/2.3.272/xc8/avr/lib/avrxmega4/memx-const/crtavr128db48.o
 .debug_abbrev  0x0000000000003274      0x14d build/default/production/mcc_generated_files/system/src/clock.o
 .debug_abbrev  0x00000000000033c1      0x18d build/default/production/mcc_generated_files/system/src/pins.o
 .debug_abbrev  0x000000000000354e       0x97 build/default/production/mcc_generated_files/system/src/config_bits.o
 .debug_abbrev  0x00000000000035e5       0x58 build/default/production/mcc_generated_files/system/src/system.o
 .debug_abbrev  0x000000000000363d       0x14 build/default/production/mcc_generated_files/system/src/protected_io.o
 .debug_abbrev  0x0000000000003651       0xfa build/default/production/mcc_generated_files/system/src/interrupt.o
 .debug_abbrev  0x000000000000374b      0x2c3 build/default/production/mcc_generated_files/uart/src/usart3.o
 .debug_abbrev  0x0000000000003a0e       0x5d build/default/production/main.o

.debug_line     0x0000000000000000     0x126b
 *(.debug_line .debug_line.* .debug_line_end)
 .debug_line    0x0000000000000000      0x208 C:/Program Files/Microchip/MPLABX/v6.10/packs/Microchip/AVR-Dx_DFP/2.3.272/xc8/avr/lib/avrxmega4/memx-const/crtavr128db48.o
 .debug_line    0x0000000000000208      0x1d0 build/default/production/mcc_generated_files/system/src/clock.o
 .debug_line    0x00000000000003d8      0x48e build/default/production/mcc_generated_files/system/src/pins.o
 .debug_line    0x0000000000000866      0x103 build/default/production/mcc_generated_files/system/src/config_bits.o
 .debug_line    0x0000000000000969       0xf3 build/default/production/mcc_generated_files/system/src/system.o
 .debug_line    0x0000000000000a5c       0x73 build/default/production/mcc_generated_files/system/src/protected_io.o
 .debug_line    0x0000000000000acf      0x19c build/default/production/mcc_generated_files/system/src/interrupt.o
 .debug_line    0x0000000000000c6b      0x59f build/default/production/mcc_generated_files/uart/src/usart3.o
 .debug_line    0x000000000000120a       0x61 build/default/production/main.o

.debug_frame    0x0000000000000000      0x43c
 *(.debug_frame)
 .debug_frame   0x0000000000000000       0x44 build/default/production/mcc_generated_files/system/src/clock.o
 .debug_frame   0x0000000000000044      0x160 build/default/production/mcc_generated_files/system/src/pins.o
 .debug_frame   0x00000000000001a4       0x24 build/default/production/mcc_generated_files/system/src/system.o
 .debug_frame   0x00000000000001c8       0x24 build/default/production/mcc_generated_files/system/src/interrupt.o
 .debug_frame   0x00000000000001ec      0x22c build/default/production/mcc_generated_files/uart/src/usart3.o
 .debug_frame   0x0000000000000418       0x24 build/default/production/main.o

.debug_str      0x0000000000000000     0x17d5
 *(.debug_str)
 .debug_str     0x0000000000000000     0x170f C:/Program Files/Microchip/MPLABX/v6.10/packs/Microchip/AVR-Dx_DFP/2.3.272/xc8/avr/lib/avrxmega4/memx-const/crtavr128db48.o
 .debug_str     0x000000000000170f       0x13 build/default/production/mcc_generated_files/system/src/clock.o
 .debug_str     0x0000000000001722       0x32 build/default/production/mcc_generated_files/system/src/pins.o
 .debug_str     0x0000000000001754        0x0 build/default/production/mcc_generated_files/system/src/config_bits.o
 .debug_str     0x0000000000001754       0x4c build/default/production/mcc_generated_files/system/src/system.o
 .debug_str     0x00000000000017a0       0x13 build/default/production/mcc_generated_files/system/src/interrupt.o
 .debug_str     0x00000000000017b3       0x10 build/default/production/mcc_generated_files/uart/src/usart3.o
 .debug_str     0x00000000000017c3       0x12 build/default/production/main.o

.debug_loc      0x0000000000000000      0x33d
 *(.debug_loc)
 .debug_loc     0x0000000000000000      0x263 build/default/production/mcc_generated_files/system/src/clock.o
 .debug_loc     0x0000000000000263       0x2a build/default/production/mcc_generated_files/system/src/interrupt.o
 .debug_loc     0x000000000000028d       0xb0 build/default/production/mcc_generated_files/uart/src/usart3.o

.debug_macinfo
 *(.debug_macinfo)

.debug_weaknames
 *(.debug_weaknames)

.debug_funcnames
 *(.debug_funcnames)

.debug_typenames
 *(.debug_typenames)

.debug_varnames
 *(.debug_varnames)

.debug_pubtypes
 *(.debug_pubtypes)

.debug_ranges   0x0000000000000000      0x1c0
 *(.debug_ranges)
 .debug_ranges  0x0000000000000000       0x20 build/default/production/mcc_generated_files/system/src/clock.o
 .debug_ranges  0x0000000000000020       0x80 build/default/production/mcc_generated_files/system/src/pins.o
 .debug_ranges  0x00000000000000a0       0x10 build/default/production/mcc_generated_files/system/src/system.o
 .debug_ranges  0x00000000000000b0       0x10 build/default/production/mcc_generated_files/system/src/interrupt.o
 .debug_ranges  0x00000000000000c0       0xf0 build/default/production/mcc_generated_files/uart/src/usart3.o
 .debug_ranges  0x00000000000001b0       0x10 build/default/production/main.o

.debug_macro
 *(.debug_macro)
OUTPUT(dist/default/production/basicUARTcomms_AVRDB.X.production.elf elf32-avr)
LOAD linker stubs
LOAD data_init

.note.gnu.avr.deviceinfo
                0x0000000000000000       0x40
 .note.gnu.avr.deviceinfo
                0x0000000000000000       0x40 C:/Program Files/Microchip/MPLABX/v6.10/packs/Microchip/AVR-Dx_DFP/2.3.272/xc8/avr/lib/avrxmega4/memx-const/crtavr128db48.o

.bss.LED_InterruptHandler
                0x0000000000804018        0x2
 .bss.LED_InterruptHandler
                0x0000000000804018        0x2 build/default/production/mcc_generated_files/system/src/pins.o

.bss.SW0_InterruptHandler
                0x000000000080401a        0x2
 .bss.SW0_InterruptHandler
                0x000000000080401a        0x2 build/default/production/mcc_generated_files/system/src/pins.o

.bss.IO_PB0_InterruptHandler
                0x000000000080401c        0x2
 .bss.IO_PB0_InterruptHandler
                0x000000000080401c        0x2 build/default/production/mcc_generated_files/system/src/pins.o

.bss.IO_PB1_InterruptHandler
                0x000000000080401e        0x2
 .bss.IO_PB1_InterruptHandler
                0x000000000080401e        0x2 build/default/production/mcc_generated_files/system/src/pins.o

.bss.USART3_RxCompleteInterruptHandler
                0x0000000000804020        0x2
 .bss.USART3_RxCompleteInterruptHandler
                0x0000000000804020        0x2 build/default/production/mcc_generated_files/uart/src/usart3.o

.bss.USART3_RxInterruptHandler
                0x0000000000804022        0x2
 .bss.USART3_RxInterruptHandler
                0x0000000000804022        0x2 build/default/production/mcc_generated_files/uart/src/usart3.o
                0x0000000000804022                USART3_RxInterruptHandler

.bss.USART3_ParityErrorHandler
                0x0000000000804024        0x2
 .bss.USART3_ParityErrorHandler
                0x0000000000804024        0x2 build/default/production/mcc_generated_files/uart/src/usart3.o
                0x0000000000804024                USART3_ParityErrorHandler

.bss.USART3_OverrunErrorHandler
                0x0000000000804026        0x2
 .bss.USART3_OverrunErrorHandler
                0x0000000000804026        0x2 build/default/production/mcc_generated_files/uart/src/usart3.o
                0x0000000000804026                USART3_OverrunErrorHandler

.bss.USART3_FramingErrorHandler
                0x0000000000804028        0x2
 .bss.USART3_FramingErrorHandler
                0x0000000000804028        0x2 build/default/production/mcc_generated_files/uart/src/usart3.o
                0x0000000000804028                USART3_FramingErrorHandler

.bss.usart3RxLastError
                0x000000000080402a        0x2
 .bss.usart3RxLastError
                0x000000000080402a        0x2 build/default/production/mcc_generated_files/uart/src/usart3.o

.bss.usart3RxCount
                0x000000000080402c        0x1
 .bss.usart3RxCount
                0x000000000080402c        0x1 build/default/production/mcc_generated_files/uart/src/usart3.o
                0x000000000080402c                usart3RxCount

.bss.usart3RxStatusBuffer
                0x0000000000804000       0x10
 .bss.usart3RxStatusBuffer
                0x0000000000804000       0x10 build/default/production/mcc_generated_files/uart/src/usart3.o

.bss.usart3RxBuffer
                0x0000000000804010        0x8
 .bss.usart3RxBuffer
                0x0000000000804010        0x8 build/default/production/mcc_generated_files/uart/src/usart3.o

.bss.usart3RxTail
                0x000000000080402d        0x1
 .bss.usart3RxTail
                0x000000000080402d        0x1 build/default/production/mcc_generated_files/uart/src/usart3.o

.bss.usart3RxHead
                0x000000000080402e        0x1
 .bss.usart3RxHead
                0x000000000080402e        0x1 build/default/production/mcc_generated_files/uart/src/usart3.o

.text.PIN_MANAGER_Initialize
                0x0000000000000152      0x12c
 .text.PIN_MANAGER_Initialize
                0x0000000000000152      0x12c build/default/production/mcc_generated_files/system/src/pins.o
                0x0000000000000152                PIN_MANAGER_Initialize

.text.USART3_ReceiveISR
                0x000000000000027e       0xce
 .text.USART3_ReceiveISR
                0x000000000000027e       0xce build/default/production/mcc_generated_files/uart/src/usart3.o
                0x000000000000027e                USART3_ReceiveISR

.text.CLOCK_Initialize
                0x000000000000034c       0x9c
 .text.CLOCK_Initialize
                0x000000000000034c       0x9c build/default/production/mcc_generated_files/system/src/clock.o
                0x000000000000034c                CLOCK_Initialize

.text.__vector_45
                0x00000000000003e8       0x88
 .text.__vector_45
                0x00000000000003e8       0x88 build/default/production/mcc_generated_files/system/src/pins.o
                0x00000000000003e8                __vector_45

.text.USART3_Initialize
                0x0000000000000470       0x6c
 .text.USART3_Initialize
                0x0000000000000470       0x6c build/default/production/mcc_generated_files/uart/src/usart3.o
                0x0000000000000470                USART3_Initialize

.text.__vector_53
                0x00000000000004dc       0x50
 .text.__vector_53
                0x00000000000004dc       0x50 build/default/production/mcc_generated_files/uart/src/usart3.o
                0x00000000000004dc                __vector_53

.text.CPUINT_Initialize
                0x000000000000052c       0x1a
 .text.CPUINT_Initialize
                0x000000000000052c       0x1a build/default/production/mcc_generated_files/system/src/interrupt.o
                0x000000000000052c                CPUINT_Initialize

.text.exit      0x0000000000000546       0x16
 .text.exit     0x0000000000000546       0x16 c:/program files/microchip/xc8/v2.41/avr/bin/../lib/gcc/avr/5.4.0/../../../../avr/lib/avrxmega4/memx-const\libc.a(exit.o)
                0x0000000000000546                exit

.text.SYSTEM_Initialize
                0x000000000000055c       0x12
 .text.SYSTEM_Initialize
                0x000000000000055c       0x12 build/default/production/mcc_generated_files/system/src/system.o
                0x000000000000055c                SYSTEM_Initialize

.text.__vector_8
                0x000000000000056e        0xa
 .text.__vector_8
                0x000000000000056e        0xa build/default/production/mcc_generated_files/system/src/pins.o
                0x000000000000056e                __vector_8

.text.__vector_30
                0x0000000000000578        0xa
 .text.__vector_30
                0x0000000000000578        0xa build/default/production/mcc_generated_files/system/src/pins.o
                0x0000000000000578                __vector_30

.text.__vector_24
                0x0000000000000582        0xa
 .text.__vector_24
                0x0000000000000582        0xa build/default/production/mcc_generated_files/system/src/pins.o
                0x0000000000000582                __vector_24

.text.__vector_46
                0x000000000000058c        0xa
 .text.__vector_46
                0x000000000000058c        0xa build/default/production/mcc_generated_files/system/src/pins.o
                0x000000000000058c                __vector_46

.text.__vector_35
                0x0000000000000596        0xa
 .text.__vector_35
                0x0000000000000596        0xa build/default/production/mcc_generated_files/system/src/pins.o
                0x0000000000000596                __vector_35

.text.protected_write_io
                0x00000000000005a0        0xa
 .text.protected_write_io
                0x00000000000005a0        0xa build/default/production/mcc_generated_files/system/src/protected_io.o
                0x00000000000005a0                protected_write_io

.text.SW0_DefaultInterruptHandler
                0x00000000000005aa        0x8
 .text.SW0_DefaultInterruptHandler
                0x00000000000005aa        0x8 build/default/production/mcc_generated_files/system/src/pins.o
                0x00000000000005aa                SW0_DefaultInterruptHandler

.text.USART3_Write
                0x00000000000005b2        0x6
 .text.USART3_Write
                0x00000000000005b2        0x6 build/default/production/mcc_generated_files/uart/src/usart3.o
                0x00000000000005b2                USART3_Write

.text.main      0x00000000000005b8        0x6
 .text.main     0x00000000000005b8        0x6 build/default/production/main.o
                0x00000000000005b8                main

.text           0x00000000000005be        0x4
 .text          0x00000000000005be        0x4 C:/Program Files/Microchip/MPLABX/v6.10/packs/Microchip/AVR-Dx_DFP/2.3.272/xc8/avr/lib/avrxmega4/memx-const/crtavr128db48.o
                0x00000000000005be                __vector_38
                0x00000000000005be                __vector_22
                0x00000000000005be                __vector_28
                0x00000000000005be                __vector_1
                0x00000000000005be                __vector_32
                0x00000000000005be                __vector_34
                0x00000000000005be                __vector_12
                0x00000000000005be                __vector_55
                0x00000000000005be                __bad_interrupt
                0x00000000000005be                __vector_6
                0x00000000000005be                __vector_31
                0x00000000000005be                __vector_39
                0x00000000000005be                __vector_3
                0x00000000000005be                __vector_23
                0x00000000000005be                __vector_25
                0x00000000000005be                __vector_11
                0x00000000000005be                __vector_54
                0x00000000000005be                __vector_13
                0x00000000000005be                __vector_17
                0x00000000000005be                __vector_19
                0x00000000000005be                __vector_56
                0x00000000000005be                __vector_7
                0x00000000000005be                __vector_49
                0x00000000000005be                __vector_41
                0x00000000000005be                __vector_43
                0x00000000000005be                __vector_27
                0x00000000000005be                __vector_5
                0x00000000000005be                __vector_33
                0x00000000000005be                __vector_47
                0x00000000000005be                __vector_52
                0x00000000000005be                __vector_37
                0x00000000000005be                __vector_4
                0x00000000000005be                __vector_44
                0x00000000000005be                __vector_51
                0x00000000000005be                __vector_9
                0x00000000000005be                __vector_2
                0x00000000000005be                __vector_21
                0x00000000000005be                __vector_15
                0x00000000000005be                __vector_36
                0x00000000000005be                __vector_58
                0x00000000000005be                __vector_29
                0x00000000000005be                __vector_60
                0x00000000000005be                __vector_40
                0x00000000000005be                __vector_26
                0x00000000000005be                __vector_48
                0x00000000000005be                __vector_14
                0x00000000000005be                __vector_57
                0x00000000000005be                __vector_10
                0x00000000000005be                __vector_50
                0x00000000000005be                __vector_16
                0x00000000000005be                __vector_59
                0x00000000000005be                __vector_18
                0x00000000000005be                __vector_20
                0x00000000000005be                __vector_42

.text._Exit     0x00000000000005c2        0x4
 .text._Exit    0x00000000000005c2        0x4 c:/program files/microchip/xc8/v2.41/avr/bin/../lib/gcc/avr/5.4.0/../../../../avr/lib/avrxmega4/memx-const\libc.a(_Exit.o)
                0x00000000000005c2                _Exit

.text.IO_PB1_DefaultInterruptHandler
                0x00000000000005c6        0x2
 .text.IO_PB1_DefaultInterruptHandler
                0x00000000000005c6        0x2 build/default/production/mcc_generated_files/system/src/pins.o
                0x00000000000005c6                IO_PB1_DefaultInterruptHandler

.text.IO_PB0_DefaultInterruptHandler
                0x00000000000005c8        0x2
 .text.IO_PB0_DefaultInterruptHandler
                0x00000000000005c8        0x2 build/default/production/mcc_generated_files/system/src/pins.o
                0x00000000000005c8                IO_PB0_DefaultInterruptHandler

.text.LED_DefaultInterruptHandler
                0x00000000000005ca        0x2
 .text.LED_DefaultInterruptHandler
                0x00000000000005ca        0x2 build/default/production/mcc_generated_files/system/src/pins.o
                0x00000000000005ca                LED_DefaultInterruptHandler

.text.USART3_DefaultFramingErrorCallback
                0x00000000000005cc        0x2
 .text.USART3_DefaultFramingErrorCallback
                0x00000000000005cc        0x2 build/default/production/mcc_generated_files/uart/src/usart3.o

.text.USART3_DefaultOverrunErrorCallback
                0x00000000000005ce        0x2
 .text.USART3_DefaultOverrunErrorCallback
                0x00000000000005ce        0x2 build/default/production/mcc_generated_files/uart/src/usart3.o

.text.USART3_DefaultParityErrorCallback
                0x00000000000005d0        0x2
 .text.USART3_DefaultParityErrorCallback
                0x00000000000005d0        0x2 build/default/production/mcc_generated_files/uart/src/usart3.o

.text.__dummy_fini
                0x00000000000005d2        0x2
 .text.__dummy_fini
                0x00000000000005d2        0x2 c:/program files/microchip/xc8/v2.41/avr/bin/../lib/gcc/avr/5.4.0/../../../../avr/lib/avrxmega4/memx-const\libc.a(exit.o)
                0x00000000000005d2                _fini

.text.__dummy_funcs_on_exit
                0x00000000000005d4        0x2
 .text.__dummy_funcs_on_exit
                0x00000000000005d4        0x2 c:/program files/microchip/xc8/v2.41/avr/bin/../lib/gcc/avr/5.4.0/../../../../avr/lib/avrxmega4/memx-const\libc.a(exit.o)
                0x00000000000005d4                __funcs_on_exit

.text.__dummy_simulator_exit
                0x00000000000005d6        0x2
 .text.__dummy_simulator_exit
                0x00000000000005d6        0x2 c:/program files/microchip/xc8/v2.41/avr/bin/../lib/gcc/avr/5.4.0/../../../../avr/lib/avrxmega4/memx-const\libc.a(exit.o)
                0x00000000000005d6                __simulator_exit
